main.c:78:6:Espera	16	static
main.c:92:6:HAL_GPIO_EXTI_Callback	16	static
main.c:104:5:debouncer	24	static
main.c:135:6:HAL_ADC_ConvCpltCallback	16	static
main.c:151:6:lcd_send_cmd	32	static
main.c:164:6:lcd_send_data	32	static
main.c:177:6:lcd_clear	16	static
main.c:186:6:lcd_put_cur	16	static
main.c:202:6:lcd_init	8	static
main.c:229:6:lcd_send_string	16	static
main.c:234:6:display	16	static
main.c:286:6:zumba	16	static
main.c:305:5:main	8	static
main.c:437:6:SystemClock_Config	88	static
main.c:481:13:MX_ADC1_Init	24	static
main.c:531:13:MX_ADC2_Init	24	static
main.c:581:13:MX_I2C1_Init	8	static
main.c:615:13:MX_TIM2_Init	64	static
main.c:676:13:MX_DMA_Init	16	static
main.c:697:13:MX_GPIO_Init	48	static
main.c:737:6:HAL_TIM_PeriodElapsedCallback	16	static
main.c:754:6:Error_Handler	4	static,ignoring_inline_asm
