main.c:93:6:Espera	16	static
main.c:99:6:HAL_GPIO_EXTI_Callback	16	static
main.c:111:5:debouncer	24	static
main.c:139:5:ajuste_pote	16	static
main.c:149:5:ajuste_nivel	16	static
main.c:158:6:esclusa	16	static
main.c:186:6:lcd_send_cmd	32	static
main.c:199:6:lcd_send_data	32	static
main.c:212:6:lcd_clear	16	static
main.c:221:6:lcd_put_cur	16	static
main.c:244:6:lcd_init	8	static
main.c:270:6:lcd_send_string	16	static
main.c:275:6:display	24	static
main.c:345:6:zumba	16	static
main.c:365:5:main	8	static
main.c:510:6:SystemClock_Config	88	static
main.c:554:13:MX_ADC1_Init	24	static
main.c:604:13:MX_ADC2_Init	24	static
main.c:654:13:MX_I2C1_Init	8	static
main.c:688:13:MX_TIM2_Init	64	static
main.c:751:13:MX_GPIO_Init	48	static
main.c:791:6:HAL_TIM_PeriodElapsedCallback	16	static
main.c:808:6:Error_Handler	4	static,ignoring_inline_asm
