Archive member included to satisfy reference by file (symbol)

c:/st/stm32cubeide_1.7.0/stm32cubeide/plugins/com.st.stm32cube.ide.mcu.externaltools.gnu-tools-for-stm32.9-2020-q2-update.win32_2.0.0.202105311346/tools/bin/../lib/gcc/arm-none-eabi/9.3.1/../../../../arm-none-eabi/lib/thumb/v7e-m+fp/hard\libc_nano.a(lib_a-errno.o)
                              ./Core/Src/syscalls.o (__errno)
c:/st/stm32cubeide_1.7.0/stm32cubeide/plugins/com.st.stm32cube.ide.mcu.externaltools.gnu-tools-for-stm32.9-2020-q2-update.win32_2.0.0.202105311346/tools/bin/../lib/gcc/arm-none-eabi/9.3.1/../../../../arm-none-eabi/lib/thumb/v7e-m+fp/hard\libc_nano.a(lib_a-exit.o)
                              c:/st/stm32cubeide_1.7.0/stm32cubeide/plugins/com.st.stm32cube.ide.mcu.externaltools.gnu-tools-for-stm32.9-2020-q2-update.win32_2.0.0.202105311346/tools/bin/../lib/gcc/arm-none-eabi/9.3.1/../../../../arm-none-eabi/lib/thumb/v7e-m+fp/hard/crt0.o (exit)
c:/st/stm32cubeide_1.7.0/stm32cubeide/plugins/com.st.stm32cube.ide.mcu.externaltools.gnu-tools-for-stm32.9-2020-q2-update.win32_2.0.0.202105311346/tools/bin/../lib/gcc/arm-none-eabi/9.3.1/../../../../arm-none-eabi/lib/thumb/v7e-m+fp/hard\libc_nano.a(lib_a-impure.o)
                              c:/st/stm32cubeide_1.7.0/stm32cubeide/plugins/com.st.stm32cube.ide.mcu.externaltools.gnu-tools-for-stm32.9-2020-q2-update.win32_2.0.0.202105311346/tools/bin/../lib/gcc/arm-none-eabi/9.3.1/../../../../arm-none-eabi/lib/thumb/v7e-m+fp/hard\libc_nano.a(lib_a-exit.o) (_global_impure_ptr)
c:/st/stm32cubeide_1.7.0/stm32cubeide/plugins/com.st.stm32cube.ide.mcu.externaltools.gnu-tools-for-stm32.9-2020-q2-update.win32_2.0.0.202105311346/tools/bin/../lib/gcc/arm-none-eabi/9.3.1/../../../../arm-none-eabi/lib/thumb/v7e-m+fp/hard\libc_nano.a(lib_a-init.o)
                              c:/st/stm32cubeide_1.7.0/stm32cubeide/plugins/com.st.stm32cube.ide.mcu.externaltools.gnu-tools-for-stm32.9-2020-q2-update.win32_2.0.0.202105311346/tools/bin/../lib/gcc/arm-none-eabi/9.3.1/../../../../arm-none-eabi/lib/thumb/v7e-m+fp/hard/crt0.o (__libc_init_array)
c:/st/stm32cubeide_1.7.0/stm32cubeide/plugins/com.st.stm32cube.ide.mcu.externaltools.gnu-tools-for-stm32.9-2020-q2-update.win32_2.0.0.202105311346/tools/bin/../lib/gcc/arm-none-eabi/9.3.1/../../../../arm-none-eabi/lib/thumb/v7e-m+fp/hard\libc_nano.a(lib_a-memset.o)
                              c:/st/stm32cubeide_1.7.0/stm32cubeide/plugins/com.st.stm32cube.ide.mcu.externaltools.gnu-tools-for-stm32.9-2020-q2-update.win32_2.0.0.202105311346/tools/bin/../lib/gcc/arm-none-eabi/9.3.1/../../../../arm-none-eabi/lib/thumb/v7e-m+fp/hard/crt0.o (memset)
c:/st/stm32cubeide_1.7.0/stm32cubeide/plugins/com.st.stm32cube.ide.mcu.externaltools.gnu-tools-for-stm32.9-2020-q2-update.win32_2.0.0.202105311346/tools/bin/../lib/gcc/arm-none-eabi/9.3.1/thumb/v7e-m+fp/hard\libgcc.a(_aeabi_uldivmod.o)
                              ./Drivers/STM32F4xx_HAL_Driver/Src/stm32f4xx_hal_rcc.o (__aeabi_uldivmod)
c:/st/stm32cubeide_1.7.0/stm32cubeide/plugins/com.st.stm32cube.ide.mcu.externaltools.gnu-tools-for-stm32.9-2020-q2-update.win32_2.0.0.202105311346/tools/bin/../lib/gcc/arm-none-eabi/9.3.1/thumb/v7e-m+fp/hard\libgcc.a(_udivmoddi4.o)
                              c:/st/stm32cubeide_1.7.0/stm32cubeide/plugins/com.st.stm32cube.ide.mcu.externaltools.gnu-tools-for-stm32.9-2020-q2-update.win32_2.0.0.202105311346/tools/bin/../lib/gcc/arm-none-eabi/9.3.1/thumb/v7e-m+fp/hard\libgcc.a(_aeabi_uldivmod.o) (__udivmoddi4)
c:/st/stm32cubeide_1.7.0/stm32cubeide/plugins/com.st.stm32cube.ide.mcu.externaltools.gnu-tools-for-stm32.9-2020-q2-update.win32_2.0.0.202105311346/tools/bin/../lib/gcc/arm-none-eabi/9.3.1/thumb/v7e-m+fp/hard\libgcc.a(_dvmd_tls.o)
                              c:/st/stm32cubeide_1.7.0/stm32cubeide/plugins/com.st.stm32cube.ide.mcu.externaltools.gnu-tools-for-stm32.9-2020-q2-update.win32_2.0.0.202105311346/tools/bin/../lib/gcc/arm-none-eabi/9.3.1/thumb/v7e-m+fp/hard\libgcc.a(_aeabi_uldivmod.o) (__aeabi_ldiv0)

Allocating common symbols
Common symbol       size              file

hadc2               0x48              ./Core/Src/main.o
hi2c1               0x54              ./Core/Src/main.o
flag_cambio         0x1               ./Core/Src/main.o
uwTick              0x4               ./Drivers/STM32F4xx_HAL_Driver/Src/stm32f4xx_hal.o
pFlash              0x20              ./Drivers/STM32F4xx_HAL_Driver/Src/stm32f4xx_hal_flash.o
hadc1               0x48              ./Core/Src/main.o
adcvalue_nivel      0x8               ./Core/Src/main.o
flag_alerta         0x1               ./Core/Src/main.o
adcbuffer_pote      0x8               ./Core/Src/main.o
adcvalue_pote       0x8               ./Core/Src/main.o
valor_pote          0x4               ./Core/Src/main.o
hdma_adc1           0x60              ./Core/Src/main.o
valor_nivel         0x4               ./Core/Src/main.o
htim1               0x48              ./Core/Src/stm32f4xx_hal_timebase_tim.o
flag_rearme         0x1               ./Core/Src/main.o
[...]
Memory Configuration

Name             Origin             Length             Attributes
CCMRAM           0x0000000010000000 0x0000000000010000 xrw
RAM              0x0000000020000000 0x0000000000020000 xrw
FLASH            0x0000000008000000 0x0000000000100000 xr
*default*        0x0000000000000000 0xffffffffffffffff

Linker script and memory map

LOAD c:/st/stm32cubeide_1.7.0/stm32cubeide/plugins/com.st.stm32cube.ide.mcu.externaltools.gnu-tools-for-stm32.9-2020-q2-update.win32_2.0.0.202105311346/tools/bin/../lib/gcc/arm-none-eabi/9.3.1/thumb/v7e-m+fp/hard/crti.o
LOAD c:/st/stm32cubeide_1.7.0/stm32cubeide/plugins/com.st.stm32cube.ide.mcu.externaltools.gnu-tools-for-stm32.9-2020-q2-update.win32_2.0.0.202105311346/tools/bin/../lib/gcc/arm-none-eabi/9.3.1/thumb/v7e-m+fp/hard/crtbegin.o
LOAD c:/st/stm32cubeide_1.7.0/stm32cubeide/plugins/com.st.stm32cube.ide.mcu.externaltools.gnu-tools-for-stm32.9-2020-q2-update.win32_2.0.0.202105311346/tools/bin/../lib/gcc/arm-none-eabi/9.3.1/../../../../arm-none-eabi/lib/thumb/v7e-m+fp/hard/crt0.o
LOAD ./Core/Src/main.o
LOAD ./Core/Src/stm32f4xx_hal_msp.o
LOAD ./Core/Src/stm32f4xx_hal_timebase_tim.o
LOAD ./Core/Src/stm32f4xx_it.o
LOAD ./Core/Src/syscalls.o
LOAD ./Core/Src/sysmem.o
LOAD ./Core/Src/system_stm32f4xx.o
LOAD ./Core/Startup/startup_stm32f407vgtx.o
LOAD ./Drivers/STM32F4xx_HAL_Driver/Src/stm32f4xx_hal.o
LOAD ./Drivers/STM32F4xx_HAL_Driver/Src/stm32f4xx_hal_adc.o
LOAD ./Drivers/STM32F4xx_HAL_Driver/Src/stm32f4xx_hal_adc_ex.o
LOAD ./Drivers/STM32F4xx_HAL_Driver/Src/stm32f4xx_hal_cortex.o
LOAD ./Drivers/STM32F4xx_HAL_Driver/Src/stm32f4xx_hal_dma.o
LOAD ./Drivers/STM32F4xx_HAL_Driver/Src/stm32f4xx_hal_dma_ex.o
LOAD ./Drivers/STM32F4xx_HAL_Driver/Src/stm32f4xx_hal_exti.o
LOAD ./Drivers/STM32F4xx_HAL_Driver/Src/stm32f4xx_hal_flash.o
LOAD ./Drivers/STM32F4xx_HAL_Driver/Src/stm32f4xx_hal_flash_ex.o
LOAD ./Drivers/STM32F4xx_HAL_Driver/Src/stm32f4xx_hal_flash_ramfunc.o
LOAD ./Drivers/STM32F4xx_HAL_Driver/Src/stm32f4xx_hal_gpio.o
LOAD ./Drivers/STM32F4xx_HAL_Driver/Src/stm32f4xx_hal_i2c.o
LOAD ./Drivers/STM32F4xx_HAL_Driver/Src/stm32f4xx_hal_i2c_ex.o
LOAD ./Drivers/STM32F4xx_HAL_Driver/Src/stm32f4xx_hal_pwr.o
LOAD ./Drivers/STM32F4xx_HAL_Driver/Src/stm32f4xx_hal_pwr_ex.o
LOAD ./Drivers/STM32F4xx_HAL_Driver/Src/stm32f4xx_hal_rcc.o
LOAD ./Drivers/STM32F4xx_HAL_Driver/Src/stm32f4xx_hal_rcc_ex.o
LOAD ./Drivers/STM32F4xx_HAL_Driver/Src/stm32f4xx_hal_tim.o
LOAD ./Drivers/STM32F4xx_HAL_Driver/Src/stm32f4xx_hal_tim_ex.o
LOAD ./Drivers/STM32F4xx_HAL_Driver/Src/stm32f4xx_ll_adc.o
START GROUP
LOAD c:/st/stm32cubeide_1.7.0/stm32cubeide/plugins/com.st.stm32cube.ide.mcu.externaltools.gnu-tools-for-stm32.9-2020-q2-update.win32_2.0.0.202105311346/tools/bin/../lib/gcc/arm-none-eabi/9.3.1/../../../../arm-none-eabi/lib/thumb/v7e-m+fp/hard\libc_nano.a
LOAD c:/st/stm32cubeide_1.7.0/stm32cubeide/plugins/com.st.stm32cube.ide.mcu.externaltools.gnu-tools-for-stm32.9-2020-q2-update.win32_2.0.0.202105311346/tools/bin/../lib/gcc/arm-none-eabi/9.3.1/../../../../arm-none-eabi/lib/thumb/v7e-m+fp/hard\libm.a
END GROUP
START GROUP
LOAD c:/st/stm32cubeide_1.7.0/stm32cubeide/plugins/com.st.stm32cube.ide.mcu.externaltools.gnu-tools-for-stm32.9-2020-q2-update.win32_2.0.0.202105311346/tools/bin/../lib/gcc/arm-none-eabi/9.3.1/thumb/v7e-m+fp/hard\libgcc.a
LOAD c:/st/stm32cubeide_1.7.0/stm32cubeide/plugins/com.st.stm32cube.ide.mcu.externaltools.gnu-tools-for-stm32.9-2020-q2-update.win32_2.0.0.202105311346/tools/bin/../lib/gcc/arm-none-eabi/9.3.1/../../../../arm-none-eabi/lib/thumb/v7e-m+fp/hard\libc_nano.a
END GROUP
START GROUP
LOAD c:/st/stm32cubeide_1.7.0/stm32cubeide/plugins/com.st.stm32cube.ide.mcu.externaltools.gnu-tools-for-stm32.9-2020-q2-update.win32_2.0.0.202105311346/tools/bin/../lib/gcc/arm-none-eabi/9.3.1/thumb/v7e-m+fp/hard\libgcc.a
LOAD c:/st/stm32cubeide_1.7.0/stm32cubeide/plugins/com.st.stm32cube.ide.mcu.externaltools.gnu-tools-for-stm32.9-2020-q2-update.win32_2.0.0.202105311346/tools/bin/../lib/gcc/arm-none-eabi/9.3.1/../../../../arm-none-eabi/lib/thumb/v7e-m+fp/hard\libc_nano.a
LOAD c:/st/stm32cubeide_1.7.0/stm32cubeide/plugins/com.st.stm32cube.ide.mcu.externaltools.gnu-tools-for-stm32.9-2020-q2-update.win32_2.0.0.202105311346/tools/bin/../lib/gcc/arm-none-eabi/9.3.1/../../../../arm-none-eabi/lib/thumb/v7e-m+fp/hard\libnosys.a
END GROUP
START GROUP
LOAD c:/st/stm32cubeide_1.7.0/stm32cubeide/plugins/com.st.stm32cube.ide.mcu.externaltools.gnu-tools-for-stm32.9-2020-q2-update.win32_2.0.0.202105311346/tools/bin/../lib/gcc/arm-none-eabi/9.3.1/thumb/v7e-m+fp/hard\libgcc.a
LOAD c:/st/stm32cubeide_1.7.0/stm32cubeide/plugins/com.st.stm32cube.ide.mcu.externaltools.gnu-tools-for-stm32.9-2020-q2-update.win32_2.0.0.202105311346/tools/bin/../lib/gcc/arm-none-eabi/9.3.1/../../../../arm-none-eabi/lib/thumb/v7e-m+fp/hard\libc_nano.a
LOAD c:/st/stm32cubeide_1.7.0/stm32cubeide/plugins/com.st.stm32cube.ide.mcu.externaltools.gnu-tools-for-stm32.9-2020-q2-update.win32_2.0.0.202105311346/tools/bin/../lib/gcc/arm-none-eabi/9.3.1/../../../../arm-none-eabi/lib/thumb/v7e-m+fp/hard\libnosys.a
END GROUP
LOAD c:/st/stm32cubeide_1.7.0/stm32cubeide/plugins/com.st.stm32cube.ide.mcu.externaltools.gnu-tools-for-stm32.9-2020-q2-update.win32_2.0.0.202105311346/tools/bin/../lib/gcc/arm-none-eabi/9.3.1/thumb/v7e-m+fp/hard/crtend.o
LOAD c:/st/stm32cubeide_1.7.0/stm32cubeide/plugins/com.st.stm32cube.ide.mcu.externaltools.gnu-tools-for-stm32.9-2020-q2-update.win32_2.0.0.202105311346/tools/bin/../lib/gcc/arm-none-eabi/9.3.1/thumb/v7e-m+fp/hard/crtn.o
                0x0000000020020000                _estack = (ORIGIN (RAM) + LENGTH (RAM))
                0x0000000000000200                _Min_Heap_Size = 0x200
                0x0000000000000400                _Min_Stack_Size = 0x400

.isr_vector     0x0000000008000000      0x188
                0x0000000008000000                . = ALIGN (0x4)
 *(.isr_vector)
 .isr_vector    0x0000000008000000      0x188 ./Core/Startup/startup_stm32f407vgtx.o
                0x0000000008000000                g_pfnVectors
                0x0000000008000188                . = ALIGN (0x4)

.text           0x0000000008000188     0x4dcc
                0x0000000008000188                . = ALIGN (0x4)
 *(.text)
 .text          0x0000000008000188       0x40 c:/st/stm32cubeide_1.7.0/stm32cubeide/plugins/com.st.stm32cube.ide.mcu.externaltools.gnu-tools-for-stm32.9-2020-q2-update.win32_2.0.0.202105311346/tools/bin/../lib/gcc/arm-none-eabi/9.3.1/thumb/v7e-m+fp/hard/crtbegin.o
 .text          0x00000000080001c8       0x30 c:/st/stm32cubeide_1.7.0/stm32cubeide/plugins/com.st.stm32cube.ide.mcu.externaltools.gnu-tools-for-stm32.9-2020-q2-update.win32_2.0.0.202105311346/tools/bin/../lib/gcc/arm-none-eabi/9.3.1/thumb/v7e-m+fp/hard\libgcc.a(_aeabi_uldivmod.o)
                0x00000000080001c8                __aeabi_uldivmod
 .text          0x00000000080001f8      0x2c4 c:/st/stm32cubeide_1.7.0/stm32cubeide/plugins/com.st.stm32cube.ide.mcu.externaltools.gnu-tools-for-stm32.9-2020-q2-update.win32_2.0.0.202105311346/tools/bin/../lib/gcc/arm-none-eabi/9.3.1/thumb/v7e-m+fp/hard\libgcc.a(_udivmoddi4.o)
                0x00000000080001f8                __udivmoddi4
 .text          0x00000000080004bc        0x4 c:/st/stm32cubeide_1.7.0/stm32cubeide/plugins/com.st.stm32cube.ide.mcu.externaltools.gnu-tools-for-stm32.9-2020-q2-update.win32_2.0.0.202105311346/tools/bin/../lib/gcc/arm-none-eabi/9.3.1/thumb/v7e-m+fp/hard\libgcc.a(_dvmd_tls.o)
                0x00000000080004bc                __aeabi_idiv0
                0x00000000080004bc                __aeabi_ldiv0
 *(.text*)
 .text.Espera   0x00000000080004c0       0x38 ./Core/Src/main.o
                0x00000000080004c0                Espera
 .text.HAL_GPIO_EXTI_Callback
                0x00000000080004f8       0x48 ./Core/Src/main.o
                0x00000000080004f8                HAL_GPIO_EXTI_Callback
 .text.HAL_ADC_ConvCpltCallback
                0x0000000008000540       0x7c ./Core/Src/main.o
                0x0000000008000540                HAL_ADC_ConvCpltCallback
 .text.lcd_send_cmd
                0x00000000080005bc       0x60 ./Core/Src/main.o
                0x00000000080005bc                lcd_send_cmd
 .text.lcd_send_data
                0x000000000800061c       0x60 ./Core/Src/main.o
                0x000000000800061c                lcd_send_data
 .text.lcd_clear
                0x000000000800067c       0x2e ./Core/Src/main.o
                0x000000000800067c                lcd_clear
 *fill*         0x00000000080006aa        0x2 
 .text.lcd_put_cur
                0x00000000080006ac       0x64 ./Core/Src/main.o
                0x00000000080006ac                lcd_put_cur
 .text.lcd_init
                0x0000000008000710       0x7e ./Core/Src/main.o
                0x0000000008000710                lcd_init
 .text.lcd_send_string
                0x000000000800078e       0x2a ./Core/Src/main.o
                0x000000000800078e                lcd_send_string
 .text.display  0x00000000080007b8      0x124 ./Core/Src/main.o
                0x00000000080007b8                display
 .text.zumba    0x00000000080008dc       0x48 ./Core/Src/main.o
                0x00000000080008dc                zumba
 .text.esclusa  0x0000000008000924       0x30 ./Core/Src/main.o
                0x0000000008000924                esclusa
 .text.ajuste_pote
                0x0000000008000954       0x16 ./Core/Src/main.o
                0x0000000008000954                ajuste_pote
 .text.ajuste_nivel
                0x000000000800096a       0x16 ./Core/Src/main.o
                0x000000000800096a                ajuste_nivel
 .text.main     0x0000000008000980      0x160 ./Core/Src/main.o
                0x0000000008000980                main
 .text.SystemClock_Config
                0x0000000008000ae0       0xd4 ./Core/Src/main.o
                0x0000000008000ae0                SystemClock_Config
 .text.MX_ADC1_Init
                0x0000000008000bb4       0xa4 ./Core/Src/main.o
 .text.MX_ADC2_Init
                0x0000000008000c58       0xa4 ./Core/Src/main.o
 .text.MX_I2C1_Init
                0x0000000008000cfc       0x5c ./Core/Src/main.o
 .text.MX_TIM2_Init
                0x0000000008000d58      0x104 ./Core/Src/main.o
 .text.MX_DMA_Init
                0x0000000008000e5c       0x50 ./Core/Src/main.o
 .text.MX_GPIO_Init
                0x0000000008000eac       0xe0 ./Core/Src/main.o
 .text.HAL_TIM_PeriodElapsedCallback
                0x0000000008000f8c       0x24 ./Core/Src/main.o
                0x0000000008000f8c                HAL_TIM_PeriodElapsedCallback
 .text.Error_Handler
                0x0000000008000fb0        0xa ./Core/Src/main.o
                0x0000000008000fb0                Error_Handler
 *fill*         0x0000000008000fba        0x2 
 .text.HAL_MspInit
                0x0000000008000fbc       0x50 ./Core/Src/stm32f4xx_hal_msp.o
                0x0000000008000fbc                HAL_MspInit
 .text.HAL_ADC_MspInit
                0x000000000800100c      0x1d0 ./Core/Src/stm32f4xx_hal_msp.o
                0x000000000800100c                HAL_ADC_MspInit
 .text.HAL_I2C_MspInit
                0x00000000080011dc       0x90 ./Core/Src/stm32f4xx_hal_msp.o
                0x00000000080011dc                HAL_I2C_MspInit
 .text.HAL_TIM_Base_MspInit
                0x000000000800126c       0x4c ./Core/Src/stm32f4xx_hal_msp.o
                0x000000000800126c                HAL_TIM_Base_MspInit
 .text.HAL_TIM_MspPostInit
                0x00000000080012b8       0x70 ./Core/Src/stm32f4xx_hal_msp.o
                0x00000000080012b8                HAL_TIM_MspPostInit
 .text.HAL_InitTick
                0x0000000008001328       0xb4 ./Core/Src/stm32f4xx_hal_timebase_tim.o
                0x0000000008001328                HAL_InitTick
 .text.NMI_Handler
                0x00000000080013dc        0x6 ./Core/Src/stm32f4xx_it.o
                0x00000000080013dc                NMI_Handler
 .text.HardFault_Handler
                0x00000000080013e2        0x6 ./Core/Src/stm32f4xx_it.o
                0x00000000080013e2                HardFault_Handler
 .text.MemManage_Handler
                0x00000000080013e8        0x6 ./Core/Src/stm32f4xx_it.o
                0x00000000080013e8                MemManage_Handler
 .text.BusFault_Handler
                0x00000000080013ee        0x6 ./Core/Src/stm32f4xx_it.o
                0x00000000080013ee                BusFault_Handler
 .text.UsageFault_Handler
                0x00000000080013f4        0x6 ./Core/Src/stm32f4xx_it.o
                0x00000000080013f4                UsageFault_Handler
 .text.SVC_Handler
                0x00000000080013fa        0xe ./Core/Src/stm32f4xx_it.o
                0x00000000080013fa                SVC_Handler
 .text.DebugMon_Handler
                0x0000000008001408        0xe ./Core/Src/stm32f4xx_it.o
                0x0000000008001408                DebugMon_Handler
 .text.PendSV_Handler
                0x0000000008001416        0xe ./Core/Src/stm32f4xx_it.o
                0x0000000008001416                PendSV_Handler
 .text.SysTick_Handler
                0x0000000008001424        0xe ./Core/Src/stm32f4xx_it.o
                0x0000000008001424                SysTick_Handler
 .text.EXTI2_IRQHandler
                0x0000000008001432        0xe ./Core/Src/stm32f4xx_it.o
                0x0000000008001432                EXTI2_IRQHandler
 .text.EXTI3_IRQHandler
                0x0000000008001440        0xe ./Core/Src/stm32f4xx_it.o
                0x0000000008001440                EXTI3_IRQHandler
 .text.EXTI4_IRQHandler
                0x000000000800144e        0xe ./Core/Src/stm32f4xx_it.o
                0x000000000800144e                EXTI4_IRQHandler
 .text.ADC_IRQHandler
                0x000000000800145c       0x1c ./Core/Src/stm32f4xx_it.o
                0x000000000800145c                ADC_IRQHandler
 .text.TIM1_UP_TIM10_IRQHandler
                0x0000000008001478       0x14 ./Core/Src/stm32f4xx_it.o
                0x0000000008001478                TIM1_UP_TIM10_IRQHandler
 .text.TIM2_IRQHandler
                0x000000000800148c       0x14 ./Core/Src/stm32f4xx_it.o
                0x000000000800148c                TIM2_IRQHandler
 .text.DMA2_Stream0_IRQHandler
                0x00000000080014a0       0x14 ./Core/Src/stm32f4xx_it.o
                0x00000000080014a0                DMA2_Stream0_IRQHandler
 .text.DMA2_Stream2_IRQHandler
                0x00000000080014b4       0x14 ./Core/Src/stm32f4xx_it.o
                0x00000000080014b4                DMA2_Stream2_IRQHandler
 .text.SystemInit
                0x00000000080014c8       0x24 ./Core/Src/system_stm32f4xx.o
                0x00000000080014c8                SystemInit
 .text.Reset_Handler
                0x00000000080014ec       0x50 ./Core/Startup/startup_stm32f407vgtx.o
                0x00000000080014ec                Reset_Handler
 .text.Default_Handler
                0x000000000800153c        0x2 ./Core/Startup/startup_stm32f407vgtx.o
                0x000000000800153c                RTC_Alarm_IRQHandler
                0x000000000800153c                HASH_RNG_IRQHandler
                0x000000000800153c                TIM8_CC_IRQHandler
                0x000000000800153c                TIM1_CC_IRQHandler
                0x000000000800153c                DMA2_Stream5_IRQHandler
                0x000000000800153c                DMA1_Stream5_IRQHandler
                0x000000000800153c                PVD_IRQHandler
                0x000000000800153c                SDIO_IRQHandler
                0x000000000800153c                TAMP_STAMP_IRQHandler
                0x000000000800153c                CAN2_RX1_IRQHandler
                0x000000000800153c                TIM8_TRG_COM_TIM14_IRQHandler
                0x000000000800153c                TIM8_UP_TIM13_IRQHandler
                0x000000000800153c                I2C3_ER_IRQHandler
                0x000000000800153c                EXTI0_IRQHandler
                0x000000000800153c                I2C2_EV_IRQHandler
                0x000000000800153c                DMA1_Stream2_IRQHandler
                0x000000000800153c                CAN1_RX0_IRQHandler
                0x000000000800153c                FPU_IRQHandler
                0x000000000800153c                OTG_HS_WKUP_IRQHandler
                0x000000000800153c                CAN2_SCE_IRQHandler
                0x000000000800153c                SPI1_IRQHandler
                0x000000000800153c                TIM6_DAC_IRQHandler
                0x000000000800153c                TIM1_BRK_TIM9_IRQHandler
                0x000000000800153c                DCMI_IRQHandler
                0x000000000800153c                CAN2_RX0_IRQHandler
                0x000000000800153c                DMA2_Stream3_IRQHandler
                0x000000000800153c                USART6_IRQHandler
                0x000000000800153c                USART3_IRQHandler
                0x000000000800153c                CAN1_RX1_IRQHandler
                0x000000000800153c                UART5_IRQHandler
                0x000000000800153c                TIM4_IRQHandler
                0x000000000800153c                I2C1_EV_IRQHandler
                0x000000000800153c                DMA1_Stream6_IRQHandler
                0x000000000800153c                DMA1_Stream1_IRQHandler
                0x000000000800153c                UART4_IRQHandler
                0x000000000800153c                TIM3_IRQHandler
                0x000000000800153c                RCC_IRQHandler
                0x000000000800153c                TIM8_BRK_TIM12_IRQHandler
                0x000000000800153c                Default_Handler
                0x000000000800153c                EXTI15_10_IRQHandler
                0x000000000800153c                DMA1_Stream7_IRQHandler
                0x000000000800153c                TIM7_IRQHandler
                0x000000000800153c                CAN2_TX_IRQHandler
                0x000000000800153c                TIM5_IRQHandler
                0x000000000800153c                DMA2_Stream7_IRQHandler
                0x000000000800153c                I2C3_EV_IRQHandler
                0x000000000800153c                EXTI9_5_IRQHandler
                0x000000000800153c                RTC_WKUP_IRQHandler
                0x000000000800153c                ETH_WKUP_IRQHandler
                0x000000000800153c                SPI2_IRQHandler
                0x000000000800153c                OTG_HS_EP1_IN_IRQHandler
                0x000000000800153c                DMA1_Stream0_IRQHandler
                0x000000000800153c                CAN1_TX_IRQHandler
                0x000000000800153c                FSMC_IRQHandler
                0x000000000800153c                ETH_IRQHandler
                0x000000000800153c                OTG_HS_EP1_OUT_IRQHandler
                0x000000000800153c                WWDG_IRQHandler
                0x000000000800153c                OTG_FS_WKUP_IRQHandler
                0x000000000800153c                TIM1_TRG_COM_TIM11_IRQHandler
                0x000000000800153c                OTG_HS_IRQHandler
                0x000000000800153c                EXTI1_IRQHandler
                0x000000000800153c                USART2_IRQHandler
                0x000000000800153c                I2C2_ER_IRQHandler
                0x000000000800153c                DMA2_Stream1_IRQHandler
                0x000000000800153c                CAN1_SCE_IRQHandler
                0x000000000800153c                FLASH_IRQHandler
                0x000000000800153c                DMA2_Stream4_IRQHandler
                0x000000000800153c                USART1_IRQHandler
                0x000000000800153c                OTG_FS_IRQHandler
                0x000000000800153c                SPI3_IRQHandler
                0x000000000800153c                DMA1_Stream4_IRQHandler
                0x000000000800153c                I2C1_ER_IRQHandler
                0x000000000800153c                DMA2_Stream6_IRQHandler
                0x000000000800153c                DMA1_Stream3_IRQHandler
 *fill*         0x000000000800153e        0x2 
 .text.HAL_Init
                0x0000000008001540       0x44 ./Drivers/STM32F4xx_HAL_Driver/Src/stm32f4xx_hal.o
                0x0000000008001540                HAL_Init
 .text.HAL_IncTick
                0x0000000008001584       0x28 ./Drivers/STM32F4xx_HAL_Driver/Src/stm32f4xx_hal.o
                0x0000000008001584                HAL_IncTick
 .text.HAL_GetTick
                0x00000000080015ac       0x18 ./Drivers/STM32F4xx_HAL_Driver/Src/stm32f4xx_hal.o
                0x00000000080015ac                HAL_GetTick
 .text.HAL_ADC_Init
                0x00000000080015c4       0x86 ./Drivers/STM32F4xx_HAL_Driver/Src/stm32f4xx_hal_adc.o
                0x00000000080015c4                HAL_ADC_Init
 .text.HAL_ADC_IRQHandler
                0x000000000800164a      0x282 ./Drivers/STM32F4xx_HAL_Driver/Src/stm32f4xx_hal_adc.o
                0x000000000800164a                HAL_ADC_IRQHandler
 .text.HAL_ADC_Start_DMA
                0x00000000080018cc      0x220 ./Drivers/STM32F4xx_HAL_Driver/Src/stm32f4xx_hal_adc.o
                0x00000000080018cc                HAL_ADC_Start_DMA
 .text.HAL_ADC_ConvHalfCpltCallback
                0x0000000008001aec       0x14 ./Drivers/STM32F4xx_HAL_Driver/Src/stm32f4xx_hal_adc.o
                0x0000000008001aec                HAL_ADC_ConvHalfCpltCallback
 .text.HAL_ADC_LevelOutOfWindowCallback
                0x0000000008001b00       0x14 ./Drivers/STM32F4xx_HAL_Driver/Src/stm32f4xx_hal_adc.o
                0x0000000008001b00                HAL_ADC_LevelOutOfWindowCallback
 .text.HAL_ADC_ErrorCallback
                0x0000000008001b14       0x14 ./Drivers/STM32F4xx_HAL_Driver/Src/stm32f4xx_hal_adc.o
                0x0000000008001b14                HAL_ADC_ErrorCallback
 .text.HAL_ADC_ConfigChannel
                0x0000000008001b28      0x244 ./Drivers/STM32F4xx_HAL_Driver/Src/stm32f4xx_hal_adc.o
                0x0000000008001b28                HAL_ADC_ConfigChannel
 .text.ADC_Init
                0x0000000008001d6c      0x1f8 ./Drivers/STM32F4xx_HAL_Driver/Src/stm32f4xx_hal_adc.o
 .text.ADC_DMAConvCplt
                0x0000000008001f64       0xba ./Drivers/STM32F4xx_HAL_Driver/Src/stm32f4xx_hal_adc.o
 .text.ADC_DMAHalfConvCplt
                0x000000000800201e       0x1c ./Drivers/STM32F4xx_HAL_Driver/Src/stm32f4xx_hal_adc.o
 .text.ADC_DMAError
                0x000000000800203a       0x2e ./Drivers/STM32F4xx_HAL_Driver/Src/stm32f4xx_hal_adc.o
 .text.HAL_ADCEx_InjectedConvCpltCallback
                0x0000000008002068       0x14 ./Drivers/STM32F4xx_HAL_Driver/Src/stm32f4xx_hal_adc_ex.o
                0x0000000008002068                HAL_ADCEx_InjectedConvCpltCallback
 .text.__NVIC_SetPriorityGrouping
                0x000000000800207c       0x48 ./Drivers/STM32F4xx_HAL_Driver/Src/stm32f4xx_hal_cortex.o
 .text.__NVIC_GetPriorityGrouping
                0x00000000080020c4       0x1c ./Drivers/STM32F4xx_HAL_Driver/Src/stm32f4xx_hal_cortex.o
 .text.__NVIC_EnableIRQ
                0x00000000080020e0       0x3c ./Drivers/STM32F4xx_HAL_Driver/Src/stm32f4xx_hal_cortex.o
 .text.__NVIC_SetPriority
                0x000000000800211c       0x54 ./Drivers/STM32F4xx_HAL_Driver/Src/stm32f4xx_hal_cortex.o
 .text.NVIC_EncodePriority
                0x0000000008002170       0x66 ./Drivers/STM32F4xx_HAL_Driver/Src/stm32f4xx_hal_cortex.o
 .text.HAL_NVIC_SetPriorityGrouping
                0x00000000080021d6       0x16 ./Drivers/STM32F4xx_HAL_Driver/Src/stm32f4xx_hal_cortex.o
                0x00000000080021d6                HAL_NVIC_SetPriorityGrouping
 .text.HAL_NVIC_SetPriority
                0x00000000080021ec       0x38 ./Drivers/STM32F4xx_HAL_Driver/Src/stm32f4xx_hal_cortex.o
                0x00000000080021ec                HAL_NVIC_SetPriority
 .text.HAL_NVIC_EnableIRQ
                0x0000000008002224       0x1c ./Drivers/STM32F4xx_HAL_Driver/Src/stm32f4xx_hal_cortex.o
                0x0000000008002224                HAL_NVIC_EnableIRQ
 .text.HAL_DMA_Init
                0x0000000008002240      0x15c ./Drivers/STM32F4xx_HAL_Driver/Src/stm32f4xx_hal_dma.o
                0x0000000008002240                HAL_DMA_Init
 .text.HAL_DMA_Start_IT
                0x000000000800239c       0xb0 ./Drivers/STM32F4xx_HAL_Driver/Src/stm32f4xx_hal_dma.o
                0x000000000800239c                HAL_DMA_Start_IT
 .text.HAL_DMA_IRQHandler
                0x000000000800244c      0x314 ./Drivers/STM32F4xx_HAL_Driver/Src/stm32f4xx_hal_dma.o
                0x000000000800244c                HAL_DMA_IRQHandler
 .text.DMA_SetConfig
                0x0000000008002760       0x5c ./Drivers/STM32F4xx_HAL_Driver/Src/stm32f4xx_hal_dma.o
 .text.DMA_CalcBaseAndBitshift
                0x00000000080027bc       0x6c ./Drivers/STM32F4xx_HAL_Driver/Src/stm32f4xx_hal_dma.o
 .text.DMA_CheckFifoParam
                0x0000000008002828       0xf8 ./Drivers/STM32F4xx_HAL_Driver/Src/stm32f4xx_hal_dma.o
 .text.HAL_GPIO_Init
                0x0000000008002920      0x338 ./Drivers/STM32F4xx_HAL_Driver/Src/stm32f4xx_hal_gpio.o
                0x0000000008002920                HAL_GPIO_Init
 .text.HAL_GPIO_EXTI_IRQHandler
                0x0000000008002c58       0x30 ./Drivers/STM32F4xx_HAL_Driver/Src/stm32f4xx_hal_gpio.o
                0x0000000008002c58                HAL_GPIO_EXTI_IRQHandler
 .text.HAL_I2C_Init
                0x0000000008002c88      0x288 ./Drivers/STM32F4xx_HAL_Driver/Src/stm32f4xx_hal_i2c.o
                0x0000000008002c88                HAL_I2C_Init
 .text.HAL_I2C_Master_Transmit
                0x0000000008002f10      0x1fc ./Drivers/STM32F4xx_HAL_Driver/Src/stm32f4xx_hal_i2c.o
                0x0000000008002f10                HAL_I2C_Master_Transmit
 .text.I2C_MasterRequestWrite
                0x000000000800310c      0x104 ./Drivers/STM32F4xx_HAL_Driver/Src/stm32f4xx_hal_i2c.o
 .text.I2C_WaitOnFlagUntilTimeout
                0x0000000008003210       0xae ./Drivers/STM32F4xx_HAL_Driver/Src/stm32f4xx_hal_i2c.o
 .text.I2C_WaitOnMasterAddressFlagUntilTimeout
                0x00000000080032be       0xfe ./Drivers/STM32F4xx_HAL_Driver/Src/stm32f4xx_hal_i2c.o
 .text.I2C_WaitOnTXEFlagUntilTimeout
                0x00000000080033bc       0x82 ./Drivers/STM32F4xx_HAL_Driver/Src/stm32f4xx_hal_i2c.o
 .text.I2C_WaitOnBTFFlagUntilTimeout
                0x000000000800343e       0x82 ./Drivers/STM32F4xx_HAL_Driver/Src/stm32f4xx_hal_i2c.o
 .text.I2C_IsAcknowledgeFailed
                0x00000000080034c0       0x5e ./Drivers/STM32F4xx_HAL_Driver/Src/stm32f4xx_hal_i2c.o
 *fill*         0x000000000800351e        0x2 
 .text.HAL_RCC_OscConfig
                0x0000000008003520      0x4f0 ./Drivers/STM32F4xx_HAL_Driver/Src/stm32f4xx_hal_rcc.o
                0x0000000008003520                HAL_RCC_OscConfig
 .text.HAL_RCC_ClockConfig
                0x0000000008003a10      0x1cc ./Drivers/STM32F4xx_HAL_Driver/Src/stm32f4xx_hal_rcc.o
                0x0000000008003a10                HAL_RCC_ClockConfig
 .text.HAL_RCC_GetSysClockFreq
                0x0000000008003bdc      0x1c4 ./Drivers/STM32F4xx_HAL_Driver/Src/stm32f4xx_hal_rcc.o
                0x0000000008003bdc                HAL_RCC_GetSysClockFreq
 .text.HAL_RCC_GetHCLKFreq
                0x0000000008003da0       0x18 ./Drivers/STM32F4xx_HAL_Driver/Src/stm32f4xx_hal_rcc.o
                0x0000000008003da0                HAL_RCC_GetHCLKFreq
 .text.HAL_RCC_GetPCLK1Freq
                0x0000000008003db8       0x28 ./Drivers/STM32F4xx_HAL_Driver/Src/stm32f4xx_hal_rcc.o
                0x0000000008003db8                HAL_RCC_GetPCLK1Freq
 .text.HAL_RCC_GetPCLK2Freq
                0x0000000008003de0       0x28 ./Drivers/STM32F4xx_HAL_Driver/Src/stm32f4xx_hal_rcc.o
                0x0000000008003de0                HAL_RCC_GetPCLK2Freq
 .text.HAL_RCC_GetClockConfig
                0x0000000008003e08       0x64 ./Drivers/STM32F4xx_HAL_Driver/Src/stm32f4xx_hal_rcc.o
                0x0000000008003e08                HAL_RCC_GetClockConfig
 .text.HAL_TIM_Base_Init
                0x0000000008003e6c       0x9e ./Drivers/STM32F4xx_HAL_Driver/Src/stm32f4xx_hal_tim.o
                0x0000000008003e6c                HAL_TIM_Base_Init
 *fill*         0x0000000008003f0a        0x2 
 .text.HAL_TIM_Base_Start_IT
                0x0000000008003f0c       0xe0 ./Drivers/STM32F4xx_HAL_Driver/Src/stm32f4xx_hal_tim.o
                0x0000000008003f0c                HAL_TIM_Base_Start_IT
 .text.HAL_TIM_PWM_Init
                0x0000000008003fec       0x9e ./Drivers/STM32F4xx_HAL_Driver/Src/stm32f4xx_hal_tim.o
                0x0000000008003fec                HAL_TIM_PWM_Init
 .text.HAL_TIM_PWM_MspInit
                0x000000000800408a       0x14 ./Drivers/STM32F4xx_HAL_Driver/Src/stm32f4xx_hal_tim.o
                0x000000000800408a                HAL_TIM_PWM_MspInit
 *fill*         0x000000000800409e        0x2 
 .text.HAL_TIM_PWM_Start
                0x00000000080040a0      0x190 ./Drivers/STM32F4xx_HAL_Driver/Src/stm32f4xx_hal_tim.o
                0x00000000080040a0                HAL_TIM_PWM_Start
 .text.HAL_TIM_IRQHandler
                0x0000000008004230      0x210 ./Drivers/STM32F4xx_HAL_Driver/Src/stm32f4xx_hal_tim.o
                0x0000000008004230                HAL_TIM_IRQHandler
 .text.HAL_TIM_PWM_ConfigChannel
                0x0000000008004440      0x184 ./Drivers/STM32F4xx_HAL_Driver/Src/stm32f4xx_hal_tim.o
                0x0000000008004440                HAL_TIM_PWM_ConfigChannel
 .text.HAL_TIM_ConfigClockSource
                0x00000000080045c4      0x18e ./Drivers/STM32F4xx_HAL_Driver/Src/stm32f4xx_hal_tim.o
                0x00000000080045c4                HAL_TIM_ConfigClockSource
 .text.HAL_TIM_OC_DelayElapsedCallback
                0x0000000008004752       0x14 ./Drivers/STM32F4xx_HAL_Driver/Src/stm32f4xx_hal_tim.o
                0x0000000008004752                HAL_TIM_OC_DelayElapsedCallback
 .text.HAL_TIM_IC_CaptureCallback
                0x0000000008004766       0x14 ./Drivers/STM32F4xx_HAL_Driver/Src/stm32f4xx_hal_tim.o
                0x0000000008004766                HAL_TIM_IC_CaptureCallback
 .text.HAL_TIM_PWM_PulseFinishedCallback
                0x000000000800477a       0x14 ./Drivers/STM32F4xx_HAL_Driver/Src/stm32f4xx_hal_tim.o
                0x000000000800477a                HAL_TIM_PWM_PulseFinishedCallback
 .text.HAL_TIM_TriggerCallback
                0x000000000800478e       0x14 ./Drivers/STM32F4xx_HAL_Driver/Src/stm32f4xx_hal_tim.o
                0x000000000800478e                HAL_TIM_TriggerCallback
 *fill*         0x00000000080047a2        0x2 
 .text.TIM_Base_SetConfig
                0x00000000080047a4      0x140 ./Drivers/STM32F4xx_HAL_Driver/Src/stm32f4xx_hal_tim.o
                0x00000000080047a4                TIM_Base_SetConfig
 .text.TIM_OC1_SetConfig
                0x00000000080048e4       0xe0 ./Drivers/STM32F4xx_HAL_Driver/Src/stm32f4xx_hal_tim.o
 .text.TIM_OC2_SetConfig
                0x00000000080049c4       0xec ./Drivers/STM32F4xx_HAL_Driver/Src/stm32f4xx_hal_tim.o
                0x00000000080049c4                TIM_OC2_SetConfig
 .text.TIM_OC3_SetConfig
                0x0000000008004ab0       0xe8 ./Drivers/STM32F4xx_HAL_Driver/Src/stm32f4xx_hal_tim.o
 .text.TIM_OC4_SetConfig
                0x0000000008004b98       0xac ./Drivers/STM32F4xx_HAL_Driver/Src/stm32f4xx_hal_tim.o
 .text.TIM_TI1_ConfigInputStage
                0x0000000008004c44       0x5e ./Drivers/STM32F4xx_HAL_Driver/Src/stm32f4xx_hal_tim.o
 .text.TIM_TI2_ConfigInputStage
                0x0000000008004ca2       0x60 ./Drivers/STM32F4xx_HAL_Driver/Src/stm32f4xx_hal_tim.o
 .text.TIM_ITRx_SetConfig
                0x0000000008004d02       0x36 ./Drivers/STM32F4xx_HAL_Driver/Src/stm32f4xx_hal_tim.o
 .text.TIM_ETR_SetConfig
                0x0000000008004d38       0x40 ./Drivers/STM32F4xx_HAL_Driver/Src/stm32f4xx_hal_tim.o
                0x0000000008004d38                TIM_ETR_SetConfig
 .text.TIM_CCxChannelCmd
                0x0000000008004d78       0x4a ./Drivers/STM32F4xx_HAL_Driver/Src/stm32f4xx_hal_tim.o
                0x0000000008004d78                TIM_CCxChannelCmd
 *fill*         0x0000000008004dc2        0x2 
 .text.HAL_TIMEx_MasterConfigSynchronization
                0x0000000008004dc4       0xf8 ./Drivers/STM32F4xx_HAL_Driver/Src/stm32f4xx_hal_tim_ex.o
                0x0000000008004dc4                HAL_TIMEx_MasterConfigSynchronization
 .text.HAL_TIMEx_CommutCallback
                0x0000000008004ebc       0x14 ./Drivers/STM32F4xx_HAL_Driver/Src/stm32f4xx_hal_tim_ex.o
                0x0000000008004ebc                HAL_TIMEx_CommutCallback
 .text.HAL_TIMEx_BreakCallback
                0x0000000008004ed0       0x14 ./Drivers/STM32F4xx_HAL_Driver/Src/stm32f4xx_hal_tim_ex.o
                0x0000000008004ed0                HAL_TIMEx_BreakCallback
 .text.__libc_init_array
                0x0000000008004ee4       0x48 c:/st/stm32cubeide_1.7.0/stm32cubeide/plugins/com.st.stm32cube.ide.mcu.externaltools.gnu-tools-for-stm32.9-2020-q2-update.win32_2.0.0.202105311346/tools/bin/../lib/gcc/arm-none-eabi/9.3.1/../../../../arm-none-eabi/lib/thumb/v7e-m+fp/hard\libc_nano.a(lib_a-init.o)
                0x0000000008004ee4                __libc_init_array
 .text.memset   0x0000000008004f2c       0x10 c:/st/stm32cubeide_1.7.0/stm32cubeide/plugins/com.st.stm32cube.ide.mcu.externaltools.gnu-tools-for-stm32.9-2020-q2-update.win32_2.0.0.202105311346/tools/bin/../lib/gcc/arm-none-eabi/9.3.1/../../../../arm-none-eabi/lib/thumb/v7e-m+fp/hard\libc_nano.a(lib_a-memset.o)
                0x0000000008004f2c                memset
 *(.glue_7)
 .glue_7        0x0000000008004f3c        0x0 linker stubs
 *(.glue_7t)
 .glue_7t       0x0000000008004f3c        0x0 linker stubs
 *(.eh_frame)
 .eh_frame      0x0000000008004f3c        0x0 c:/st/stm32cubeide_1.7.0/stm32cubeide/plugins/com.st.stm32cube.ide.mcu.externaltools.gnu-tools-for-stm32.9-2020-q2-update.win32_2.0.0.202105311346/tools/bin/../lib/gcc/arm-none-eabi/9.3.1/thumb/v7e-m+fp/hard/crtbegin.o
 *(.init)
 .init          0x0000000008004f3c        0x4 c:/st/stm32cubeide_1.7.0/stm32cubeide/plugins/com.st.stm32cube.ide.mcu.externaltools.gnu-tools-for-stm32.9-2020-q2-update.win32_2.0.0.202105311346/tools/bin/../lib/gcc/arm-none-eabi/9.3.1/thumb/v7e-m+fp/hard/crti.o
                0x0000000008004f3c                _init
 .init          0x0000000008004f40        0x8 c:/st/stm32cubeide_1.7.0/stm32cubeide/plugins/com.st.stm32cube.ide.mcu.externaltools.gnu-tools-for-stm32.9-2020-q2-update.win32_2.0.0.202105311346/tools/bin/../lib/gcc/arm-none-eabi/9.3.1/thumb/v7e-m+fp/hard/crtn.o
 *(.fini)
 .fini          0x0000000008004f48        0x4 c:/st/stm32cubeide_1.7.0/stm32cubeide/plugins/com.st.stm32cube.ide.mcu.externaltools.gnu-tools-for-stm32.9-2020-q2-update.win32_2.0.0.202105311346/tools/bin/../lib/gcc/arm-none-eabi/9.3.1/thumb/v7e-m+fp/hard/crti.o
                0x0000000008004f48                _fini
 .fini          0x0000000008004f4c        0x8 c:/st/stm32cubeide_1.7.0/stm32cubeide/plugins/com.st.stm32cube.ide.mcu.externaltools.gnu-tools-for-stm32.9-2020-q2-update.win32_2.0.0.202105311346/tools/bin/../lib/gcc/arm-none-eabi/9.3.1/thumb/v7e-m+fp/hard/crtn.o
                0x0000000008004f54                . = ALIGN (0x4)
                0x0000000008004f54                _etext = .

.vfp11_veneer   0x0000000008004f54        0x0
 .vfp11_veneer  0x0000000008004f54        0x0 linker stubs

.v4_bx          0x0000000008004f54        0x0
 .v4_bx         0x0000000008004f54        0x0 linker stubs

.iplt           0x0000000008004f54        0x0
 .iplt          0x0000000008004f54        0x0 c:/st/stm32cubeide_1.7.0/stm32cubeide/plugins/com.st.stm32cube.ide.mcu.externaltools.gnu-tools-for-stm32.9-2020-q2-update.win32_2.0.0.202105311346/tools/bin/../lib/gcc/arm-none-eabi/9.3.1/thumb/v7e-m+fp/hard/crtbegin.o

.rodata         0x0000000008004f54       0x60
                0x0000000008004f54                . = ALIGN (0x4)
 *(.rodata)
 .rodata        0x0000000008004f54       0x3f ./Core/Src/main.o
 *(.rodata*)
 *fill*         0x0000000008004f93        0x1 
 .rodata.AHBPrescTable
                0x0000000008004f94       0x10 ./Core/Src/system_stm32f4xx.o
                0x0000000008004f94                AHBPrescTable
 .rodata.APBPrescTable
                0x0000000008004fa4        0x8 ./Core/Src/system_stm32f4xx.o
                0x0000000008004fa4                APBPrescTable
 .rodata.flagBitshiftOffset.8914
                0x0000000008004fac        0x8 ./Drivers/STM32F4xx_HAL_Driver/Src/stm32f4xx_hal_dma.o
                0x0000000008004fb4                . = ALIGN (0x4)

.ARM.extab      0x0000000008004fb4        0x0
                0x0000000008004fb4                . = ALIGN (0x4)
 *(.ARM.extab* .gnu.linkonce.armextab.*)
                0x0000000008004fb4                . = ALIGN (0x4)

.ARM            0x0000000008004fb4        0x8
                0x0000000008004fb4                . = ALIGN (0x4)
                0x0000000008004fb4                __exidx_start = .
 *(.ARM.exidx*)
 .ARM.exidx     0x0000000008004fb4        0x8 c:/st/stm32cubeide_1.7.0/stm32cubeide/plugins/com.st.stm32cube.ide.mcu.externaltools.gnu-tools-for-stm32.9-2020-q2-update.win32_2.0.0.202105311346/tools/bin/../lib/gcc/arm-none-eabi/9.3.1/thumb/v7e-m+fp/hard\libgcc.a(_udivmoddi4.o)
                0x0000000008004fbc                __exidx_end = .
                0x0000000008004fbc                . = ALIGN (0x4)

.rel.dyn        0x0000000008004fbc        0x0
 .rel.iplt      0x0000000008004fbc        0x0 c:/st/stm32cubeide_1.7.0/stm32cubeide/plugins/com.st.stm32cube.ide.mcu.externaltools.gnu-tools-for-stm32.9-2020-q2-update.win32_2.0.0.202105311346/tools/bin/../lib/gcc/arm-none-eabi/9.3.1/thumb/v7e-m+fp/hard/crtbegin.o

.preinit_array  0x0000000008004fbc        0x0
                0x0000000008004fbc                . = ALIGN (0x4)
                0x0000000008004fbc                PROVIDE (__preinit_array_start = .)
 *(.preinit_array*)
                0x0000000008004fbc                PROVIDE (__preinit_array_end = .)
                0x0000000008004fbc                . = ALIGN (0x4)

.init_array     0x0000000008004fbc        0x4
                0x0000000008004fbc                . = ALIGN (0x4)
                0x0000000008004fbc                PROVIDE (__init_array_start = .)
 *(SORT_BY_NAME(.init_array.*))
 *(.init_array*)
 .init_array    0x0000000008004fbc        0x4 c:/st/stm32cubeide_1.7.0/stm32cubeide/plugins/com.st.stm32cube.ide.mcu.externaltools.gnu-tools-for-stm32.9-2020-q2-update.win32_2.0.0.202105311346/tools/bin/../lib/gcc/arm-none-eabi/9.3.1/thumb/v7e-m+fp/hard/crtbegin.o
                0x0000000008004fc0                PROVIDE (__init_array_end = .)
                0x0000000008004fc0                . = ALIGN (0x4)

.fini_array     0x0000000008004fc0        0x4
                0x0000000008004fc0                . = ALIGN (0x4)
                [!provide]                        PROVIDE (__fini_array_start = .)
 *(SORT_BY_NAME(.fini_array.*))
 *(.fini_array*)
 .fini_array    0x0000000008004fc0        0x4 c:/st/stm32cubeide_1.7.0/stm32cubeide/plugins/com.st.stm32cube.ide.mcu.externaltools.gnu-tools-for-stm32.9-2020-q2-update.win32_2.0.0.202105311346/tools/bin/../lib/gcc/arm-none-eabi/9.3.1/thumb/v7e-m+fp/hard/crtbegin.o
                [!provide]                        PROVIDE (__fini_array_end = .)
                0x0000000008004fc4                . = ALIGN (0x4)
                0x0000000008004fc4                _sidata = LOADADDR (.data)

.data           0x0000000020000000       0x10 load address 0x0000000008004fc4
                0x0000000020000000                . = ALIGN (0x4)
                0x0000000020000000                _sdata = .
 *(.data)
 *(.data*)
 .data.prev_mode.8894
                0x0000000020000000        0x4 ./Core/Src/main.o
 .data.SystemCoreClock
                0x0000000020000004        0x4 ./Core/Src/system_stm32f4xx.o
                0x0000000020000004                SystemCoreClock
 .data.uwTickPrio
                0x0000000020000008        0x4 ./Drivers/STM32F4xx_HAL_Driver/Src/stm32f4xx_hal.o
                0x0000000020000008                uwTickPrio
 .data.uwTickFreq
                0x000000002000000c        0x1 ./Drivers/STM32F4xx_HAL_Driver/Src/stm32f4xx_hal.o
                0x000000002000000c                uwTickFreq
 *(.RamFunc)
 *(.RamFunc*)
                0x0000000020000010                . = ALIGN (0x4)
 *fill*         0x000000002000000d        0x3 
                0x0000000020000010                _edata = .
                0x0000000008004fd4                _siccmram = LOADADDR (.ccmram)

.igot.plt       0x0000000020000010        0x0 load address 0x0000000008004fd4
 .igot.plt      0x0000000020000010        0x0 c:/st/stm32cubeide_1.7.0/stm32cubeide/plugins/com.st.stm32cube.ide.mcu.externaltools.gnu-tools-for-stm32.9-2020-q2-update.win32_2.0.0.202105311346/tools/bin/../lib/gcc/arm-none-eabi/9.3.1/thumb/v7e-m+fp/hard/crtbegin.o

.ccmram         0x0000000010000000        0x0 load address 0x0000000008004fd4
                0x0000000010000000                . = ALIGN (0x4)
                0x0000000010000000                _sccmram = .
 *(.ccmram)
 *(.ccmram*)
                0x0000000010000000                . = ALIGN (0x4)
                0x0000000010000000                _eccmram = .
                0x0000000010000000                . = ALIGN (0x4)

.bss            0x0000000020000010      0x28c
                0x0000000020000010                _sbss = .
                0x0000000020000010                __bss_start__ = _sbss
 *(.bss)
 .bss           0x0000000020000010       0x1c c:/st/stm32cubeide_1.7.0/stm32cubeide/plugins/com.st.stm32cube.ide.mcu.externaltools.gnu-tools-for-stm32.9-2020-q2-update.win32_2.0.0.202105311346/tools/bin/../lib/gcc/arm-none-eabi/9.3.1/thumb/v7e-m+fp/hard/crtbegin.o
 *(.bss*)
 .bss.mode      0x000000002000002c        0x1 ./Core/Src/main.o
                0x000000002000002c                mode
 *(COMMON)
 *fill*         0x000000002000002d        0x3 
 COMMON         0x0000000020000030      0x220 ./Core/Src/main.o
                0x0000000020000030                hadc2
                0x0000000020000078                hi2c1
                0x00000000200000cc                flag_cambio
                0x00000000200000d0                hadc1
                0x0000000020000118                adcvalue_nivel
                0x0000000020000120                flag_alerta
                0x0000000020000124                adcbuffer_pote
                0x000000002000012c                adcvalue_pote
                0x0000000020000134                valor_pote
                0x0000000020000138                hdma_adc1
                0x0000000020000198                valor_nivel
                0x000000002000019c                flag_rearme
                0x000000002000019e                tickstart
                0x00000000200001a0                htim2
                0x00000000200001e8                hdma_adc2
                0x0000000020000248                adcbuffer_nivel
 COMMON         0x0000000020000250       0x48 ./Core/Src/stm32f4xx_hal_timebase_tim.o
                0x0000000020000250                htim1
 COMMON         0x0000000020000298        0x4 ./Drivers/STM32F4xx_HAL_Driver/Src/stm32f4xx_hal.o
                0x0000000020000298                uwTick
                0x000000002000029c                . = ALIGN (0x4)
                0x000000002000029c                _ebss = .
                0x000000002000029c                __bss_end__ = _ebss

._user_heap_stack
                0x000000002000029c      0x604
                0x00000000200002a0                . = ALIGN (0x8)
 *fill*         0x000000002000029c        0x4 
                [!provide]                        PROVIDE (end = .)
                0x00000000200002a0                PROVIDE (_end = .)
                0x00000000200004a0                . = (. + _Min_Heap_Size)
 *fill*         0x00000000200002a0      0x200 
                0x00000000200008a0                . = (. + _Min_Stack_Size)
 *fill*         0x00000000200004a0      0x400 
                0x00000000200008a0                . = ALIGN (0x8)

/DISCARD/
 libc.a(*)
 libm.a(*)
 libgcc.a(*)

.ARM.attributes
                0x0000000000000000       0x30
 *(.ARM.attributes)
 .ARM.attributes
                0x0000000000000000       0x1e c:/st/stm32cubeide_1.7.0/stm32cubeide/plugins/com.st.stm32cube.ide.mcu.externaltools.gnu-tools-for-stm32.9-2020-q2-update.win32_2.0.0.202105311346/tools/bin/../lib/gcc/arm-none-eabi/9.3.1/thumb/v7e-m+fp/hard/crti.o
 .ARM.attributes
                0x000000000000001e       0x34 c:/st/stm32cubeide_1.7.0/stm32cubeide/plugins/com.st.stm32cube.ide.mcu.externaltools.gnu-tools-for-stm32.9-2020-q2-update.win32_2.0.0.202105311346/tools/bin/../lib/gcc/arm-none-eabi/9.3.1/thumb/v7e-m+fp/hard/crtbegin.o
 .ARM.attributes
                0x0000000000000052       0x34 ./Core/Src/main.o
 .ARM.attributes
                0x0000000000000086       0x34 ./Core/Src/stm32f4xx_hal_msp.o
 .ARM.attributes
                0x00000000000000ba       0x34 ./Core/Src/stm32f4xx_hal_timebase_tim.o
 .ARM.attributes
                0x00000000000000ee       0x34 ./Core/Src/stm32f4xx_it.o
 .ARM.attributes
                0x0000000000000122       0x34 ./Core/Src/system_stm32f4xx.o
 .ARM.attributes
                0x0000000000000156       0x21 ./Core/Startup/startup_stm32f407vgtx.o
 .ARM.attributes
                0x0000000000000177       0x34 ./Drivers/STM32F4xx_HAL_Driver/Src/stm32f4xx_hal.o
 .ARM.attributes
                0x00000000000001ab       0x34 ./Drivers/STM32F4xx_HAL_Driver/Src/stm32f4xx_hal_adc.o
 .ARM.attributes
                0x00000000000001df       0x34 ./Drivers/STM32F4xx_HAL_Driver/Src/stm32f4xx_hal_adc_ex.o
 .ARM.attributes
                0x0000000000000213       0x34 ./Drivers/STM32F4xx_HAL_Driver/Src/stm32f4xx_hal_cortex.o
 .ARM.attributes
                0x0000000000000247       0x34 ./Drivers/STM32F4xx_HAL_Driver/Src/stm32f4xx_hal_dma.o
 .ARM.attributes
                0x000000000000027b       0x34 ./Drivers/STM32F4xx_HAL_Driver/Src/stm32f4xx_hal_gpio.o
 .ARM.attributes
                0x00000000000002af       0x34 ./Drivers/STM32F4xx_HAL_Driver/Src/stm32f4xx_hal_i2c.o
 .ARM.attributes
                0x00000000000002e3       0x34 ./Drivers/STM32F4xx_HAL_Driver/Src/stm32f4xx_hal_rcc.o
 .ARM.attributes
                0x0000000000000317       0x34 ./Drivers/STM32F4xx_HAL_Driver/Src/stm32f4xx_hal_tim.o
 .ARM.attributes
                0x000000000000034b       0x34 ./Drivers/STM32F4xx_HAL_Driver/Src/stm32f4xx_hal_tim_ex.o
 .ARM.attributes
                0x000000000000037f       0x34 c:/st/stm32cubeide_1.7.0/stm32cubeide/plugins/com.st.stm32cube.ide.mcu.externaltools.gnu-tools-for-stm32.9-2020-q2-update.win32_2.0.0.202105311346/tools/bin/../lib/gcc/arm-none-eabi/9.3.1/../../../../arm-none-eabi/lib/thumb/v7e-m+fp/hard\libc_nano.a(lib_a-init.o)
 .ARM.attributes
                0x00000000000003b3       0x34 c:/st/stm32cubeide_1.7.0/stm32cubeide/plugins/com.st.stm32cube.ide.mcu.externaltools.gnu-tools-for-stm32.9-2020-q2-update.win32_2.0.0.202105311346/tools/bin/../lib/gcc/arm-none-eabi/9.3.1/../../../../arm-none-eabi/lib/thumb/v7e-m+fp/hard\libc_nano.a(lib_a-memset.o)
 .ARM.attributes
                0x00000000000003e7       0x1e c:/st/stm32cubeide_1.7.0/stm32cubeide/plugins/com.st.stm32cube.ide.mcu.externaltools.gnu-tools-for-stm32.9-2020-q2-update.win32_2.0.0.202105311346/tools/bin/../lib/gcc/arm-none-eabi/9.3.1/thumb/v7e-m+fp/hard\libgcc.a(_aeabi_uldivmod.o)
 .ARM.attributes
                0x0000000000000405       0x34 c:/st/stm32cubeide_1.7.0/stm32cubeide/plugins/com.st.stm32cube.ide.mcu.externaltools.gnu-tools-for-stm32.9-2020-q2-update.win32_2.0.0.202105311346/tools/bin/../lib/gcc/arm-none-eabi/9.3.1/thumb/v7e-m+fp/hard\libgcc.a(_udivmoddi4.o)
 .ARM.attributes
                0x0000000000000439       0x1e c:/st/stm32cubeide_1.7.0/stm32cubeide/plugins/com.st.stm32cube.ide.mcu.externaltools.gnu-tools-for-stm32.9-2020-q2-update.win32_2.0.0.202105311346/tools/bin/../lib/gcc/arm-none-eabi/9.3.1/thumb/v7e-m+fp/hard\libgcc.a(_dvmd_tls.o)
 .ARM.attributes
                0x0000000000000457       0x1e c:/st/stm32cubeide_1.7.0/stm32cubeide/plugins/com.st.stm32cube.ide.mcu.externaltools.gnu-tools-for-stm32.9-2020-q2-update.win32_2.0.0.202105311346/tools/bin/../lib/gcc/arm-none-eabi/9.3.1/thumb/v7e-m+fp/hard/crtn.o
OUTPUT(Sitema_Control.elf elf32-littlearm)
LOAD linker stubs
LOAD c:/st/stm32cubeide_1.7.0/stm32cubeide/plugins/com.st.stm32cube.ide.mcu.externaltools.gnu-tools-for-stm32.9-2020-q2-update.win32_2.0.0.202105311346/tools/bin/../lib/gcc/arm-none-eabi/9.3.1/../../../../arm-none-eabi/lib/thumb/v7e-m+fp/hard\libc.a
LOAD c:/st/stm32cubeide_1.7.0/stm32cubeide/plugins/com.st.stm32cube.ide.mcu.externaltools.gnu-tools-for-stm32.9-2020-q2-update.win32_2.0.0.202105311346/tools/bin/../lib/gcc/arm-none-eabi/9.3.1/../../../../arm-none-eabi/lib/thumb/v7e-m+fp/hard\libm.a
LOAD c:/st/stm32cubeide_1.7.0/stm32cubeide/plugins/com.st.stm32cube.ide.mcu.externaltools.gnu-tools-for-stm32.9-2020-q2-update.win32_2.0.0.202105311346/tools/bin/../lib/gcc/arm-none-eabi/9.3.1/thumb/v7e-m+fp/hard\libgcc.a

.debug_info     0x0000000000000000    0x10326
 .debug_info    0x0000000000000000     0x1b5b ./Core/Src/main.o
 .debug_info    0x0000000000001b5b     0x141d ./Core/Src/stm32f4xx_hal_msp.o
 .debug_info    0x0000000000002f78      0xc6c ./Core/Src/stm32f4xx_hal_timebase_tim.o
 .debug_info    0x0000000000003be4      0xb3f ./Core/Src/stm32f4xx_it.o
 .debug_info    0x0000000000004723      0x5a4 ./Core/Src/system_stm32f4xx.o
 .debug_info    0x0000000000004cc7       0x22 ./Core/Startup/startup_stm32f407vgtx.o
 .debug_info    0x0000000000004ce9      0x9b2 ./Drivers/STM32F4xx_HAL_Driver/Src/stm32f4xx_hal.o
 .debug_info    0x000000000000569b      0xdbc ./Drivers/STM32F4xx_HAL_Driver/Src/stm32f4xx_hal_adc.o
 .debug_info    0x0000000000006457      0xc22 ./Drivers/STM32F4xx_HAL_Driver/Src/stm32f4xx_hal_adc_ex.o
 .debug_info    0x0000000000007079      0xed7 ./Drivers/STM32F4xx_HAL_Driver/Src/stm32f4xx_hal_cortex.o
 .debug_info    0x0000000000007f50      0x9f1 ./Drivers/STM32F4xx_HAL_Driver/Src/stm32f4xx_hal_dma.o
 .debug_info    0x0000000000008941      0x83e ./Drivers/STM32F4xx_HAL_Driver/Src/stm32f4xx_hal_gpio.o
 .debug_info    0x000000000000917f     0x264d ./Drivers/STM32F4xx_HAL_Driver/Src/stm32f4xx_hal_i2c.o
 .debug_info    0x000000000000b7cc      0x996 ./Drivers/STM32F4xx_HAL_Driver/Src/stm32f4xx_hal_rcc.o
 .debug_info    0x000000000000c162     0x2c22 ./Drivers/STM32F4xx_HAL_Driver/Src/stm32f4xx_hal_tim.o
 .debug_info    0x000000000000ed84     0x15a2 ./Drivers/STM32F4xx_HAL_Driver/Src/stm32f4xx_hal_tim_ex.o

.debug_abbrev   0x0000000000000000     0x2194
 .debug_abbrev  0x0000000000000000      0x330 ./Core/Src/main.o
 .debug_abbrev  0x0000000000000330      0x206 ./Core/Src/stm32f4xx_hal_msp.o
 .debug_abbrev  0x0000000000000536      0x1bf ./Core/Src/stm32f4xx_hal_timebase_tim.o
 .debug_abbrev  0x00000000000006f5      0x1a1 ./Core/Src/stm32f4xx_it.o
 .debug_abbrev  0x0000000000000896      0x145 ./Core/Src/system_stm32f4xx.o
 .debug_abbrev  0x00000000000009db       0x12 ./Core/Startup/startup_stm32f407vgtx.o
 .debug_abbrev  0x00000000000009ed      0x1ed ./Drivers/STM32F4xx_HAL_Driver/Src/stm32f4xx_hal.o
 .debug_abbrev  0x0000000000000bda      0x22f ./Drivers/STM32F4xx_HAL_Driver/Src/stm32f4xx_hal_adc.o
 .debug_abbrev  0x0000000000000e09      0x24a ./Drivers/STM32F4xx_HAL_Driver/Src/stm32f4xx_hal_adc_ex.o
 .debug_abbrev  0x0000000000001053      0x33c ./Drivers/STM32F4xx_HAL_Driver/Src/stm32f4xx_hal_cortex.o
 .debug_abbrev  0x000000000000138f      0x259 ./Drivers/STM32F4xx_HAL_Driver/Src/stm32f4xx_hal_dma.o
 .debug_abbrev  0x00000000000015e8      0x1f1 ./Drivers/STM32F4xx_HAL_Driver/Src/stm32f4xx_hal_gpio.o
 .debug_abbrev  0x00000000000017d9      0x282 ./Drivers/STM32F4xx_HAL_Driver/Src/stm32f4xx_hal_i2c.o
 .debug_abbrev  0x0000000000001a5b      0x275 ./Drivers/STM32F4xx_HAL_Driver/Src/stm32f4xx_hal_rcc.o
 .debug_abbrev  0x0000000000001cd0      0x25e ./Drivers/STM32F4xx_HAL_Driver/Src/stm32f4xx_hal_tim.o
 .debug_abbrev  0x0000000000001f2e      0x266 ./Drivers/STM32F4xx_HAL_Driver/Src/stm32f4xx_hal_tim_ex.o

.debug_aranges  0x0000000000000000      0xf20
 .debug_aranges
                0x0000000000000000       0xe0 ./Core/Src/main.o
 .debug_aranges
                0x00000000000000e0       0x58 ./Core/Src/stm32f4xx_hal_msp.o
 .debug_aranges
                0x0000000000000138       0x30 ./Core/Src/stm32f4xx_hal_timebase_tim.o
 .debug_aranges
                0x0000000000000168       0xa0 ./Core/Src/stm32f4xx_it.o
 .debug_aranges
                0x0000000000000208       0x28 ./Core/Src/system_stm32f4xx.o
 .debug_aranges
                0x0000000000000230       0x28 ./Core/Startup/startup_stm32f407vgtx.o
 .debug_aranges
                0x0000000000000258       0xf0 ./Drivers/STM32F4xx_HAL_Driver/Src/stm32f4xx_hal.o
 .debug_aranges
                0x0000000000000348       0xe8 ./Drivers/STM32F4xx_HAL_Driver/Src/stm32f4xx_hal_adc.o
 .debug_aranges
                0x0000000000000430       0x90 ./Drivers/STM32F4xx_HAL_Driver/Src/stm32f4xx_hal_adc_ex.o
 .debug_aranges
                0x00000000000004c0      0x118 ./Drivers/STM32F4xx_HAL_Driver/Src/stm32f4xx_hal_cortex.o
 .debug_aranges
                0x00000000000005d8       0x90 ./Drivers/STM32F4xx_HAL_Driver/Src/stm32f4xx_hal_dma.o
 .debug_aranges
                0x0000000000000668       0x58 ./Drivers/STM32F4xx_HAL_Driver/Src/stm32f4xx_hal_gpio.o
 .debug_aranges
                0x00000000000006c0      0x2a0 ./Drivers/STM32F4xx_HAL_Driver/Src/stm32f4xx_hal_i2c.o
 .debug_aranges
                0x0000000000000960       0x88 ./Drivers/STM32F4xx_HAL_Driver/Src/stm32f4xx_hal_rcc.o
 .debug_aranges
                0x00000000000009e8      0x3d0 ./Drivers/STM32F4xx_HAL_Driver/Src/stm32f4xx_hal_tim.o
 .debug_aranges
                0x0000000000000db8      0x168 ./Drivers/STM32F4xx_HAL_Driver/Src/stm32f4xx_hal_tim_ex.o

.debug_ranges   0x0000000000000000      0xe50
 .debug_ranges  0x0000000000000000       0xd0 ./Core/Src/main.o
 .debug_ranges  0x00000000000000d0       0x48 ./Core/Src/stm32f4xx_hal_msp.o
 .debug_ranges  0x0000000000000118       0x20 ./Core/Src/stm32f4xx_hal_timebase_tim.o
 .debug_ranges  0x0000000000000138       0x90 ./Core/Src/stm32f4xx_it.o
 .debug_ranges  0x00000000000001c8       0x18 ./Core/Src/system_stm32f4xx.o
 .debug_ranges  0x00000000000001e0       0x20 ./Core/Startup/startup_stm32f407vgtx.o
 .debug_ranges  0x0000000000000200       0xe0 ./Drivers/STM32F4xx_HAL_Driver/Src/stm32f4xx_hal.o
 .debug_ranges  0x00000000000002e0       0xd8 ./Drivers/STM32F4xx_HAL_Driver/Src/stm32f4xx_hal_adc.o
 .debug_ranges  0x00000000000003b8       0x80 ./Drivers/STM32F4xx_HAL_Driver/Src/stm32f4xx_hal_adc_ex.o
 .debug_ranges  0x0000000000000438      0x108 ./Drivers/STM32F4xx_HAL_Driver/Src/stm32f4xx_hal_cortex.o
 .debug_ranges  0x0000000000000540       0x80 ./Drivers/STM32F4xx_HAL_Driver/Src/stm32f4xx_hal_dma.o
 .debug_ranges  0x00000000000005c0       0x48 ./Drivers/STM32F4xx_HAL_Driver/Src/stm32f4xx_hal_gpio.o
 .debug_ranges  0x0000000000000608      0x2b8 ./Drivers/STM32F4xx_HAL_Driver/Src/stm32f4xx_hal_i2c.o
 .debug_ranges  0x00000000000008c0       0x78 ./Drivers/STM32F4xx_HAL_Driver/Src/stm32f4xx_hal_rcc.o
 .debug_ranges  0x0000000000000938      0x3c0 ./Drivers/STM32F4xx_HAL_Driver/Src/stm32f4xx_hal_tim.o
 .debug_ranges  0x0000000000000cf8      0x158 ./Drivers/STM32F4xx_HAL_Driver/Src/stm32f4xx_hal_tim_ex.o

.debug_macro    0x0000000000000000    0x21b68
 .debug_macro   0x0000000000000000      0x216 ./Core/Src/main.o
 .debug_macro   0x0000000000000216      0xaa8 ./Core/Src/main.o
 .debug_macro   0x0000000000000cbe      0x2a1 ./Core/Src/main.o
 .debug_macro   0x0000000000000f5f       0x2e ./Core/Src/main.o
 .debug_macro   0x0000000000000f8d       0x2f ./Core/Src/main.o
 .debug_macro   0x0000000000000fbc       0x22 ./Core/Src/main.o
 .debug_macro   0x0000000000000fde       0x8e ./Core/Src/main.o
 .debug_macro   0x000000000000106c       0x51 ./Core/Src/main.o
 .debug_macro   0x00000000000010bd      0x103 ./Core/Src/main.o
 .debug_macro   0x00000000000011c0       0x6a ./Core/Src/main.o
 .debug_macro   0x000000000000122a      0x1df ./Core/Src/main.o
 .debug_macro   0x0000000000001409       0x1c ./Core/Src/main.o
 .debug_macro   0x0000000000001425       0x22 ./Core/Src/main.o
 .debug_macro   0x0000000000001447       0xdf ./Core/Src/main.o
 .debug_macro   0x0000000000001526     0x102d ./Core/Src/main.o
 .debug_macro   0x0000000000002553      0x11f ./Core/Src/main.o
 .debug_macro   0x0000000000002672    0x15e58 ./Core/Src/main.o
 .debug_macro   0x00000000000184ca       0x6d ./Core/Src/main.o
 .debug_macro   0x0000000000018537     0x3666 ./Core/Src/main.o
 .debug_macro   0x000000000001bb9d      0x174 ./Core/Src/main.o
 .debug_macro   0x000000000001bd11       0x5c ./Core/Src/main.o
 .debug_macro   0x000000000001bd6d      0x96b ./Core/Src/main.o
 .debug_macro   0x000000000001c6d8      0x9fe ./Core/Src/main.o
 .debug_macro   0x000000000001d0d6      0x116 ./Core/Src/main.o
 .debug_macro   0x000000000001d1ec      0x13e ./Core/Src/main.o
 .debug_macro   0x000000000001d32a       0xa5 ./Core/Src/main.o
 .debug_macro   0x000000000001d3cf      0x174 ./Core/Src/main.o
 .debug_macro   0x000000000001d543      0x287 ./Core/Src/main.o
 .debug_macro   0x000000000001d7ca       0x5f ./Core/Src/main.o
 .debug_macro   0x000000000001d829      0x236 ./Core/Src/main.o
 .debug_macro   0x000000000001da5f      0xb5b ./Core/Src/main.o
 .debug_macro   0x000000000001e5ba      0x38b ./Core/Src/main.o
 .debug_macro   0x000000000001e945      0x176 ./Core/Src/main.o
 .debug_macro   0x000000000001eabb       0xf9 ./Core/Src/main.o
 .debug_macro   0x000000000001ebb4      0x12c ./Core/Src/main.o
 .debug_macro   0x000000000001ece0      0x21e ./Core/Src/main.o
 .debug_macro   0x000000000001eefe       0x2e ./Core/Src/main.o
 .debug_macro   0x000000000001ef2c      0x1b5 ./Core/Src/main.o
 .debug_macro   0x000000000001f0e1       0xd6 ./Core/Src/main.o
 .debug_macro   0x000000000001f1b7      0x11a ./Core/Src/main.o
 .debug_macro   0x000000000001f2d1       0x7e ./Core/Src/main.o
 .debug_macro   0x000000000001f34f       0x89 ./Core/Src/main.o
 .debug_macro   0x000000000001f3d8      0x8d1 ./Core/Src/main.o
 .debug_macro   0x000000000001fca9       0x47 ./Core/Src/main.o
 .debug_macro   0x000000000001fcf0      0x12d ./Core/Src/main.o
 .debug_macro   0x000000000001fe1d      0x210 ./Core/Src/stm32f4xx_hal_msp.o
 .debug_macro   0x000000000002002d      0x206 ./Core/Src/stm32f4xx_hal_timebase_tim.o
 .debug_macro   0x0000000000020233      0x21a ./Core/Src/stm32f4xx_it.o
 .debug_macro   0x000000000002044d      0x206 ./Core/Src/system_stm32f4xx.o
 .debug_macro   0x0000000000020653      0x266 ./Drivers/STM32F4xx_HAL_Driver/Src/stm32f4xx_hal.o
 .debug_macro   0x00000000000208b9      0x207 ./Drivers/STM32F4xx_HAL_Driver/Src/stm32f4xx_hal_adc.o
 .debug_macro   0x0000000000020ac0      0x206 ./Drivers/STM32F4xx_HAL_Driver/Src/stm32f4xx_hal_adc_ex.o
 .debug_macro   0x0000000000020cc6      0x206 ./Drivers/STM32F4xx_HAL_Driver/Src/stm32f4xx_hal_cortex.o
 .debug_macro   0x0000000000020ecc      0x20c ./Drivers/STM32F4xx_HAL_Driver/Src/stm32f4xx_hal_dma.o
 .debug_macro   0x00000000000210d8      0x20c ./Drivers/STM32F4xx_HAL_Driver/Src/stm32f4xx_hal_gpio.o
 .debug_macro   0x00000000000212e4      0x24d ./Drivers/STM32F4xx_HAL_Driver/Src/stm32f4xx_hal_i2c.o
 .debug_macro   0x0000000000021531      0x22a ./Drivers/STM32F4xx_HAL_Driver/Src/stm32f4xx_hal_rcc.o
 .debug_macro   0x000000000002175b      0x207 ./Drivers/STM32F4xx_HAL_Driver/Src/stm32f4xx_hal_tim.o
 .debug_macro   0x0000000000021962      0x206 ./Drivers/STM32F4xx_HAL_Driver/Src/stm32f4xx_hal_tim_ex.o

.debug_line     0x0000000000000000    0x1191d
 .debug_line    0x0000000000000000      0xca2 ./Core/Src/main.o
 .debug_line    0x0000000000000ca2      0x8a7 ./Core/Src/stm32f4xx_hal_msp.o
 .debug_line    0x0000000000001549      0x786 ./Core/Src/stm32f4xx_hal_timebase_tim.o
 .debug_line    0x0000000000001ccf      0x8a5 ./Core/Src/stm32f4xx_it.o
 .debug_line    0x0000000000002574      0x7a8 ./Core/Src/system_stm32f4xx.o
 .debug_line    0x0000000000002d1c       0x88 ./Core/Startup/startup_stm32f407vgtx.o
 .debug_line    0x0000000000002da4      0xa0e ./Drivers/STM32F4xx_HAL_Driver/Src/stm32f4xx_hal.o
 .debug_line    0x00000000000037b2     0x1298 ./Drivers/STM32F4xx_HAL_Driver/Src/stm32f4xx_hal_adc.o
 .debug_line    0x0000000000004a4a      0xece ./Drivers/STM32F4xx_HAL_Driver/Src/stm32f4xx_hal_adc_ex.o
 .debug_line    0x0000000000005918      0xcbd ./Drivers/STM32F4xx_HAL_Driver/Src/stm32f4xx_hal_cortex.o
 .debug_line    0x00000000000065d5      0xf73 ./Drivers/STM32F4xx_HAL_Driver/Src/stm32f4xx_hal_dma.o
 .debug_line    0x0000000000007548      0xb84 ./Drivers/STM32F4xx_HAL_Driver/Src/stm32f4xx_hal_gpio.o
 .debug_line    0x00000000000080cc     0x39ba ./Drivers/STM32F4xx_HAL_Driver/Src/stm32f4xx_hal_i2c.o
 .debug_line    0x000000000000ba86      0xd8a ./Drivers/STM32F4xx_HAL_Driver/Src/stm32f4xx_hal_rcc.o
 .debug_line    0x000000000000c810     0x3702 ./Drivers/STM32F4xx_HAL_Driver/Src/stm32f4xx_hal_tim.o
 .debug_line    0x000000000000ff12     0x1a0b ./Drivers/STM32F4xx_HAL_Driver/Src/stm32f4xx_hal_tim_ex.o

.debug_str      0x0000000000000000    0xd3d07
 .debug_str     0x0000000000000000    0xd0776 ./Core/Src/main.o
                                      0xd0b63 (size before relaxing)
 .debug_str     0x00000000000d0776       0xbf ./Core/Src/stm32f4xx_hal_msp.o
                                      0xd06de (size before relaxing)
 .debug_str     0x00000000000d0835       0xaa ./Core/Src/stm32f4xx_hal_timebase_tim.o
                                      0xd0276 (size before relaxing)
 .debug_str     0x00000000000d08df      0x149 ./Core/Src/stm32f4xx_it.o
                                      0xcfe87 (size before relaxing)
 .debug_str     0x00000000000d0a28       0xaf ./Core/Src/system_stm32f4xx.o
                                      0xcf7e9 (size before relaxing)
 .debug_str     0x00000000000d0ad7       0x36 ./Core/Startup/startup_stm32f407vgtx.o
                                         0x74 (size before relaxing)
 .debug_str     0x00000000000d0b0d      0x538 ./Drivers/STM32F4xx_HAL_Driver/Src/stm32f4xx_hal.o
                                      0xd02cb (size before relaxing)
 .debug_str     0x00000000000d1045      0x27c ./Drivers/STM32F4xx_HAL_Driver/Src/stm32f4xx_hal_adc.o
                                      0xcfd95 (size before relaxing)
 .debug_str     0x00000000000d12c1      0x302 ./Drivers/STM32F4xx_HAL_Driver/Src/stm32f4xx_hal_adc_ex.o
                                      0xcfdcf (size before relaxing)
 .debug_str     0x00000000000d15c3      0x392 ./Drivers/STM32F4xx_HAL_Driver/Src/stm32f4xx_hal_cortex.o
                                      0xd00ba (size before relaxing)
 .debug_str     0x00000000000d1955      0x31d ./Drivers/STM32F4xx_HAL_Driver/Src/stm32f4xx_hal_dma.o
                                      0xcfc13 (size before relaxing)
 .debug_str     0x00000000000d1c72      0x15b ./Drivers/STM32F4xx_HAL_Driver/Src/stm32f4xx_hal_gpio.o
                                      0xcf990 (size before relaxing)
 .debug_str     0x00000000000d1dcd      0xaae ./Drivers/STM32F4xx_HAL_Driver/Src/stm32f4xx_hal_i2c.o
                                      0xd076b (size before relaxing)
 .debug_str     0x00000000000d287b      0x244 ./Drivers/STM32F4xx_HAL_Driver/Src/stm32f4xx_hal_rcc.o
                                      0xcfbeb (size before relaxing)
 .debug_str     0x00000000000d2abf      0xd5a ./Drivers/STM32F4xx_HAL_Driver/Src/stm32f4xx_hal_tim.o
                                      0xd0b18 (size before relaxing)
 .debug_str     0x00000000000d3819      0x4ee ./Drivers/STM32F4xx_HAL_Driver/Src/stm32f4xx_hal_tim_ex.o
                                      0xd02c9 (size before relaxing)

.comment        0x0000000000000000       0x53
 .comment       0x0000000000000000       0x53 ./Core/Src/main.o
                                         0x54 (size before relaxing)
 .comment       0x0000000000000053       0x54 ./Core/Src/stm32f4xx_hal_msp.o
 .comment       0x0000000000000053       0x54 ./Core/Src/stm32f4xx_hal_timebase_tim.o
 .comment       0x0000000000000053       0x54 ./Core/Src/stm32f4xx_it.o
 .comment       0x0000000000000053       0x54 ./Core/Src/system_stm32f4xx.o
 .comment       0x0000000000000053       0x54 ./Drivers/STM32F4xx_HAL_Driver/Src/stm32f4xx_hal.o
 .comment       0x0000000000000053       0x54 ./Drivers/STM32F4xx_HAL_Driver/Src/stm32f4xx_hal_adc.o
 .comment       0x0000000000000053       0x54 ./Drivers/STM32F4xx_HAL_Driver/Src/stm32f4xx_hal_adc_ex.o
 .comment       0x0000000000000053       0x54 ./Drivers/STM32F4xx_HAL_Driver/Src/stm32f4xx_hal_cortex.o
 .comment       0x0000000000000053       0x54 ./Drivers/STM32F4xx_HAL_Driver/Src/stm32f4xx_hal_dma.o
 .comment       0x0000000000000053       0x54 ./Drivers/STM32F4xx_HAL_Driver/Src/stm32f4xx_hal_gpio.o
 .comment       0x0000000000000053       0x54 ./Drivers/STM32F4xx_HAL_Driver/Src/stm32f4xx_hal_i2c.o
 .comment       0x0000000000000053       0x54 ./Drivers/STM32F4xx_HAL_Driver/Src/stm32f4xx_hal_rcc.o
 .comment       0x0000000000000053       0x54 ./Drivers/STM32F4xx_HAL_Driver/Src/stm32f4xx_hal_tim.o
 .comment       0x0000000000000053       0x54 ./Drivers/STM32F4xx_HAL_Driver/Src/stm32f4xx_hal_tim_ex.o

.debug_frame    0x0000000000000000     0x4050
 .debug_frame   0x0000000000000000      0x384 ./Core/Src/main.o
 .debug_frame   0x0000000000000384      0x130 ./Core/Src/stm32f4xx_hal_msp.o
 .debug_frame   0x00000000000004b4       0x74 ./Core/Src/stm32f4xx_hal_timebase_tim.o
 .debug_frame   0x0000000000000528      0x1e8 ./Core/Src/stm32f4xx_it.o
 .debug_frame   0x0000000000000710       0x58 ./Core/Src/system_stm32f4xx.o
 .debug_frame   0x0000000000000768      0x374 ./Drivers/STM32F4xx_HAL_Driver/Src/stm32f4xx_hal.o
 .debug_frame   0x0000000000000adc      0x3fc ./Drivers/STM32F4xx_HAL_Driver/Src/stm32f4xx_hal_adc.o
 .debug_frame   0x0000000000000ed8      0x250 ./Drivers/STM32F4xx_HAL_Driver/Src/stm32f4xx_hal_adc_ex.o
 .debug_frame   0x0000000000001128      0x498 ./Drivers/STM32F4xx_HAL_Driver/Src/stm32f4xx_hal_cortex.o
 .debug_frame   0x00000000000015c0      0x250 ./Drivers/STM32F4xx_HAL_Driver/Src/stm32f4xx_hal_dma.o
 .debug_frame   0x0000000000001810      0x14c ./Drivers/STM32F4xx_HAL_Driver/Src/stm32f4xx_hal_gpio.o
 .debug_frame   0x000000000000195c      0xc5c ./Drivers/STM32F4xx_HAL_Driver/Src/stm32f4xx_hal_i2c.o
 .debug_frame   0x00000000000025b8      0x1f0 ./Drivers/STM32F4xx_HAL_Driver/Src/stm32f4xx_hal_rcc.o
 .debug_frame   0x00000000000027a8     0x11c4 ./Drivers/STM32F4xx_HAL_Driver/Src/stm32f4xx_hal_tim.o
 .debug_frame   0x000000000000396c      0x638 ./Drivers/STM32F4xx_HAL_Driver/Src/stm32f4xx_hal_tim_ex.o
 .debug_frame   0x0000000000003fa4       0x2c c:/st/stm32cubeide_1.7.0/stm32cubeide/plugins/com.st.stm32cube.ide.mcu.externaltools.gnu-tools-for-stm32.9-2020-q2-update.win32_2.0.0.202105311346/tools/bin/../lib/gcc/arm-none-eabi/9.3.1/../../../../arm-none-eabi/lib/thumb/v7e-m+fp/hard\libc_nano.a(lib_a-init.o)
 .debug_frame   0x0000000000003fd0       0x20 c:/st/stm32cubeide_1.7.0/stm32cubeide/plugins/com.st.stm32cube.ide.mcu.externaltools.gnu-tools-for-stm32.9-2020-q2-update.win32_2.0.0.202105311346/tools/bin/../lib/gcc/arm-none-eabi/9.3.1/../../../../arm-none-eabi/lib/thumb/v7e-m+fp/hard\libc_nano.a(lib_a-memset.o)
 .debug_frame   0x0000000000003ff0       0x2c c:/st/stm32cubeide_1.7.0/stm32cubeide/plugins/com.st.stm32cube.ide.mcu.externaltools.gnu-tools-for-stm32.9-2020-q2-update.win32_2.0.0.202105311346/tools/bin/../lib/gcc/arm-none-eabi/9.3.1/thumb/v7e-m+fp/hard\libgcc.a(_aeabi_uldivmod.o)
 .debug_frame   0x000000000000401c       0x34 c:/st/stm32cubeide_1.7.0/stm32cubeide/plugins/com.st.stm32cube.ide.mcu.externaltools.gnu-tools-for-stm32.9-2020-q2-update.win32_2.0.0.202105311346/tools/bin/../lib/gcc/arm-none-eabi/9.3.1/thumb/v7e-m+fp/hard\libgcc.a(_udivmoddi4.o)
